// Jest Snapshot v1, https://goo.gl/fbAQLP

exports[`News Component select input should have a ref attribute 1`] = `
<div>
  <h1 />
</div>
`;
